2020-07-29 00:22:31,937:DEBUG:Add: 20 + 10 = 30
2020-07-29 00:22:31,937:DEBUG:Sub: 20 - 10 = 10
2020-07-29 00:22:31,937:DEBUG:Mul: 20 * 10 = 200
2020-07-29 00:22:31,937:DEBUG:Div: 20 / 10 = 2.0
